📦 Name: foo-bar

📌 Version: 0.1 (Deprecated)

📖 Description: Description for task foo-bar version 0.1

🗒  Minimum Pipeline Version: 0.12

⭐ ️Rating: 4

🏷️  ️Categories
  ∙ foo-bar

🏷 Tags
  ∙ foo

💻 Platforms
  ∙ linux/s390x

⚒ Install Command:
  tkn hub install task foo-bar --version 0.1
