📦 Name:            at-1
🗂  Namespace:       foo

👥 Approvers
   * tekton
   * cli

👨‍💻 ApproverResponse

Name     ApproverResponse   Message
tekton   ❌                  ---

🌡️  Status

NumberOfApprovalsRequired   PendingApprovals   STATUS
2                           1                  Rejected
